HI-TECH Software PICC18 Compiler V8.35PL3

Linker command line:

-z -Mpic18f6621.map -ol.obj \
  -ppowerup=00h,intcode=08h,intcodelo=018h,init,end_init -ACOMRAM=00h-05Fh \
  -ptemp=COMRAM -ARAM=0-0FFhx15 -ABIGRAM=0-0EFFh -ANVRAM=0E00h-0EFFh \
  -pramtop=0F00h -ACODE=00h-0FFFFh -AFARRAM=00h-00h \
  -pconfig=0300000h,idloc=0200000h,eeprom_data=0f00000h \
  -pconst=end_init+0F00h \
  -prbss=COMRAM,rbit=COMRAM,rdata=COMRAM,nvrram=COMRAM,nvbit=COMRAM \
  -pstruct=COMRAM -pnvram=NVRAM -pfarbss=FARRAM,fardata=FARRAM \
  -pintsave_regs=BIGRAM,bigbss=BIGRAM,bigdata=BIGRAM -pdata=RAM,param \
  -pidata=CODE,irdata=CODE,ibigdata=CODE,ifardata=CODE -Q18F6622 \
  -h+pic18f6621.sym -E -EC:\DOCUME~1\ADMINI~1\LOCALS~1\Temp\_2EO.AAA \
  -ver=PICC18#V8.35PL3 C:\HTSOFT\PIC18\LIB\picrt82l.obj \
  D:\pic18f6621modify\main.obj D:\pic18f6621modify\led.obj \
  D:\pic18f6621modify\adc.obj D:\pic18f6621modify\ds1302.obj \
  D:\pic18f6621modify\eeprom.obj D:\pic18f6621modify\key.obj \
  D:\pic18f6621modify\lcd.obj D:\pic18f6621modify\menu.obj \
  D:\pic18f6621modify\time.obj D:\pic18f6621modify\uart.obj \
  D:\pic18f6621modify\ziku.obj C:\HTSOFT\PIC18\LIB\pic82--p.lib \
  C:\HTSOFT\PIC18\LIB\pic82l-c.lib 

Object code version is 3.7

Machine type is 18F6622

Call graph:

*_main size 0,0 offset 0
     _adc_init->_ad_buffer_init
     _capture_init
     _timer1_init
     _timer2_init
     _ds1302_pin_init
     _ds1302_init->_ds1302_write_data size 1,0 offset 2
         _delay_us size 2,0 offset 3
         _ds1302_write_byte->_delay_us size 2,0 offset 3
     _key_pin_init
     _lcd_pin_init
     _led_pin_init
     _set_mode_pin_init
*    _lcd_clear size 0,0 offset 6
*        _lcd_page_config->_dly
*        _lcd_col_config->_dly
*        _write_data_to_lcd->_dly
     _init_lcd size 0,0 offset 0
         _dly
         _write_cmd_to_lcd->_dly
         _lcd_row_config->_dly
         _lcd_clear size 0,0 offset 6
             _lcd_page_config->_lcd_page_config size 0,0 offset 35
                 _dly
             _lcd_col_config->_lcd_col_config size 0,0 offset 35
                 _dly
             _write_data_to_lcd->_write_data_to_lcd size 0,0 offset 35
                 _dly
     _parament_init size 0,1 offset 0
         _read_data_from_eeprom size 2,0 offset 6
         _write_data_to_eeprom size 3,0 offset 2
         lwdiv
         lwmod
     _ad_sequence_sample size 0,0 offset 0
         _clear_one_ad_val
         _cal_channle_val size 0,24 offset 0
             _root size 4,4 offset 24
                 alslr
                 aldiv->l0neg
             llmul
             llmul_f
             lldiv->l0neg
     _ds1302_get_time size 0,0 offset 0
         _delay_us size 2,0 offset 3
         _ds1302_write_byte->_ds1302_write_byte size 0,0 offset 3
             _delay_us size 2,0 offset 3
         _ds1302_read_byte->_delay_us size 2,0 offset 3
         _bcd_to_hex
     _lcd_fresh size 0,2 offset 0
         _memset size 6,0 offset 12
         _sprintf size 6,12 offset 12
             _putch
             _chread size 2,0 offset 30
             lwmod
             lwdiv
             lwmul
         _xprint size 7,8 offset 12
             _strlen size 2,0 offset 27
             _dis_signle_char size 6,0 offset 27
                 _lcd_col_config->_lcd_col_config size 0,0 offset 35
                     _dly
                 _lcd_page_config->_lcd_page_config size 0,0 offset 35
                     _dly
                 _write_data_to_lcd->_write_data_to_lcd size 0,0 offset 35
                     _dly
             _dis_double_word size 7,1 offset 27
                 _lcd_col_config->_lcd_col_config size 0,0 offset 35
                     _dly
                 _lcd_page_config->_lcd_page_config size 0,0 offset 35
                     _dly
                 _write_data_to_lcd->_write_data_to_lcd size 0,0 offset 35
                     _dly
         _lcd_clear size 0,0 offset 6
             _lcd_page_config->_lcd_page_config size 0,0 offset 35
                 _dly
             _lcd_col_config->_lcd_col_config size 0,0 offset 35
                 _dly
             _write_data_to_lcd->_write_data_to_lcd size 0,0 offset 35
                 _dly
         _fun41 size 0,0 offset 2
             _memset size 6,0 offset 12
             _sprintf size 6,12 offset 12
                 _putch
                 _chread size 2,0 offset 30
                 lwmod
                 lwdiv
                 lwmul
             _xprint size 7,8 offset 12
                 _strlen size 2,0 offset 27
                 _dis_signle_char size 6,0 offset 27
                     _lcd_col_config->_lcd_col_config size 0,0 offset 35
                         _dly
                     _lcd_page_config->_lcd_page_config size 0,0 offset 35
                         _dly
                     _write_data_to_lcd->_write_data_to_lcd size 0,0 offset 35
                         _dly
                 _dis_double_word size 7,1 offset 27
                     _lcd_col_config->_lcd_col_config size 0,0 offset 35
                         _dly
                     _lcd_page_config->_lcd_page_config size 0,0 offset 35
                         _dly
                     _write_data_to_lcd->_write_data_to_lcd size 0,0 offset 35
                         _dly
         _fun4 size 0,0 offset 2
             _memset size 6,0 offset 12
             _sprintf size 6,12 offset 12
                 _putch
                 _chread size 2,0 offset 30
                 lwmod
                 lwdiv
                 lwmul
             _xprint size 7,8 offset 12
                 _strlen size 2,0 offset 27
                 _dis_signle_char size 6,0 offset 27
                     _lcd_col_config->_lcd_col_config size 0,0 offset 35
                         _dly
                     _lcd_page_config->_lcd_page_config size 0,0 offset 35
                         _dly
                     _write_data_to_lcd->_write_data_to_lcd size 0,0 offset 35
                         _dly
                 _dis_double_word size 7,1 offset 27
                     _lcd_col_config->_lcd_col_config size 0,0 offset 35
                         _dly
                     _lcd_page_config->_lcd_page_config size 0,0 offset 35
                         _dly
                     _write_data_to_lcd->_write_data_to_lcd size 0,0 offset 35
                         _dly
     _syswaring->_record_a_err size 0,0 offset 0
         _write_data_to_eeprom size 3,0 offset 2
         lwmul
     _key_scan
*    _display_menu size 0,0 offset 0
         indir_func
*        INDIRECT 88
             INDIRECT 88
                 _fun0 size 0,6 offset 0
                     _lcd_clear size 0,0 offset 6
                         _lcd_page_config->_lcd_page_config size 0,0 offset 35
                             _dly
                         _lcd_col_config->_lcd_col_config size 0,0 offset 35
                             _dly
                         _write_data_to_lcd->_write_data_to_lcd size 0,0 offset 35
                             _dly
                     _memset size 6,0 offset 12
                     _sprintf size 6,12 offset 12
                         _putch
                         _chread size 2,0 offset 30
                         lwmod
                         lwdiv
                         lwmul
                     _xprint size 7,8 offset 12
                         _strlen size 2,0 offset 27
                         _dis_signle_char size 6,0 offset 27
                             _lcd_col_config->_lcd_col_config size 0,0 offset 35
                                 _dly
                             _lcd_page_config->_lcd_page_config size 0,0 offset 35
                                 _dly
                             _write_data_to_lcd->_write_data_to_lcd size 0,0 offset 35
                                 _dly
                         _dis_double_word size 7,1 offset 27
                             _lcd_col_config->_lcd_col_config size 0,0 offset 35
                                 _dly
                             _lcd_page_config->_lcd_page_config size 0,0 offset 35
                                 _dly
                             _write_data_to_lcd->_write_data_to_lcd size 0,0 offset 35
                                 _dly
                 _fun1 size 0,2 offset 0
                     _lcd_clear size 0,0 offset 6
                         _lcd_page_config->_lcd_page_config size 0,0 offset 35
                             _dly
                         _lcd_col_config->_lcd_col_config size 0,0 offset 35
                             _dly
                         _write_data_to_lcd->_write_data_to_lcd size 0,0 offset 35
                             _dly
                     _memset size 6,0 offset 12
                     _sprintf size 6,12 offset 12
                         _putch
                         _chread size 2,0 offset 30
                         lwmod
                         lwdiv
                         lwmul
                     _xprint size 7,8 offset 12
                         _strlen size 2,0 offset 27
                         _dis_signle_char size 6,0 offset 27
                             _lcd_col_config->_lcd_col_config size 0,0 offset 35
                                 _dly
                             _lcd_page_config->_lcd_page_config size 0,0 offset 35
                                 _dly
                             _write_data_to_lcd->_write_data_to_lcd size 0,0 offset 35
                                 _dly
                         _dis_double_word size 7,1 offset 27
                             _lcd_col_config->_lcd_col_config size 0,0 offset 35
                                 _dly
                             _lcd_page_config->_lcd_page_config size 0,0 offset 35
                                 _dly
                             _write_data_to_lcd->_write_data_to_lcd size 0,0 offset 35
                                 _dly
                 _fun2 size 0,2 offset 0
                     _lcd_clear size 0,0 offset 6
                         _lcd_page_config->_lcd_page_config size 0,0 offset 35
                             _dly
                         _lcd_col_config->_lcd_col_config size 0,0 offset 35
                             _dly
                         _write_data_to_lcd->_write_data_to_lcd size 0,0 offset 35
                             _dly
                     _memset size 6,0 offset 12
                     _sprintf size 6,12 offset 12
                         _putch
                         _chread size 2,0 offset 30
                         lwmod
                         lwdiv
                         lwmul
                     _xprint size 7,8 offset 12
                         _strlen size 2,0 offset 27
                         _dis_signle_char size 6,0 offset 27
                             _lcd_col_config->_lcd_col_config size 0,0 offset 35
                                 _dly
                             _lcd_page_config->_lcd_page_config size 0,0 offset 35
                                 _dly
                             _write_data_to_lcd->_write_data_to_lcd size 0,0 offset 35
                                 _dly
                         _dis_double_word size 7,1 offset 27
                             _lcd_col_config->_lcd_col_config size 0,0 offset 35
                                 _dly
                             _lcd_page_config->_lcd_page_config size 0,0 offset 35
                                 _dly
                             _write_data_to_lcd->_write_data_to_lcd size 0,0 offset 35
                                 _dly
                 _fun3 size 0,2 offset 0
                     _lcd_clear size 0,0 offset 6
                         _lcd_page_config->_lcd_page_config size 0,0 offset 35
                             _dly
                         _lcd_col_config->_lcd_col_config size 0,0 offset 35
                             _dly
                         _write_data_to_lcd->_write_data_to_lcd size 0,0 offset 35
                             _dly
                     _memset size 6,0 offset 12
                     _sprintf size 6,12 offset 12
                         _putch
                         _chread size 2,0 offset 30
                         lwmod
                         lwdiv
                         lwmul
                     _xprint size 7,8 offset 12
                         _strlen size 2,0 offset 27
                         _dis_signle_char size 6,0 offset 27
                             _lcd_col_config->_lcd_col_config size 0,0 offset 35
                                 _dly
                             _lcd_page_config->_lcd_page_config size 0,0 offset 35
                                 _dly
                             _write_data_to_lcd->_write_data_to_lcd size 0,0 offset 35
                                 _dly
                         _dis_double_word size 7,1 offset 27
                             _lcd_col_config->_lcd_col_config size 0,0 offset 35
                                 _dly
                             _lcd_page_config->_lcd_page_config size 0,0 offset 35
                                 _dly
                             _write_data_to_lcd->_write_data_to_lcd size 0,0 offset 35
                                 _dly
                 _fun4 size 0,0 offset 2
                     _memset size 6,0 offset 12
                     _sprintf size 6,12 offset 12
                         _putch
                         _chread size 2,0 offset 30
                         lwmod
                         lwdiv
                         lwmul
                     _xprint size 7,8 offset 12
                         _strlen size 2,0 offset 27
                         _dis_signle_char size 6,0 offset 27
                             _lcd_col_config->_lcd_col_config size 0,0 offset 35
                                 _dly
                             _lcd_page_config->_lcd_page_config size 0,0 offset 35
                                 _dly
                             _write_data_to_lcd->_write_data_to_lcd size 0,0 offset 35
                                 _dly
                         _dis_double_word size 7,1 offset 27
                             _lcd_col_config->_lcd_col_config size 0,0 offset 35
                                 _dly
                             _lcd_page_config->_lcd_page_config size 0,0 offset 35
                                 _dly
                             _write_data_to_lcd->_write_data_to_lcd size 0,0 offset 35
                                 _dly
                 _fun5->_fun4 size 0,0 offset 2
                     _memset size 6,0 offset 12
                     _sprintf size 6,12 offset 12
                         _putch
                         _chread size 2,0 offset 30
                         lwmod
                         lwdiv
                         lwmul
                     _xprint size 7,8 offset 12
                         _strlen size 2,0 offset 27
                         _dis_signle_char size 6,0 offset 27
                             _lcd_col_config->_lcd_col_config size 0,0 offset 35
                                 _dly
                             _lcd_page_config->_lcd_page_config size 0,0 offset 35
                                 _dly
                             _write_data_to_lcd->_write_data_to_lcd size 0,0 offset 35
                                 _dly
                         _dis_double_word size 7,1 offset 27
                             _lcd_col_config->_lcd_col_config size 0,0 offset 35
                                 _dly
                             _lcd_page_config->_lcd_page_config size 0,0 offset 35
                                 _dly
                             _write_data_to_lcd->_write_data_to_lcd size 0,0 offset 35
                                 _dly
                 _fun6->_fun4 size 0,0 offset 2
                     _memset size 6,0 offset 12
                     _sprintf size 6,12 offset 12
                         _putch
                         _chread size 2,0 offset 30
                         lwmod
                         lwdiv
                         lwmul
                     _xprint size 7,8 offset 12
                         _strlen size 2,0 offset 27
                         _dis_signle_char size 6,0 offset 27
                             _lcd_col_config->_lcd_col_config size 0,0 offset 35
                                 _dly
                             _lcd_page_config->_lcd_page_config size 0,0 offset 35
                                 _dly
                             _write_data_to_lcd->_write_data_to_lcd size 0,0 offset 35
                                 _dly
                         _dis_double_word size 7,1 offset 27
                             _lcd_col_config->_lcd_col_config size 0,0 offset 35
                                 _dly
                             _lcd_page_config->_lcd_page_config size 0,0 offset 35
                                 _dly
                             _write_data_to_lcd->_write_data_to_lcd size 0,0 offset 35
                                 _dly
                 _fun7 size 0,0 offset 0
                     _lcd_clear size 0,0 offset 6
                         _lcd_page_config->_lcd_page_config size 0,0 offset 35
                             _dly
                         _lcd_col_config->_lcd_col_config size 0,0 offset 35
                             _dly
                         _write_data_to_lcd->_write_data_to_lcd size 0,0 offset 35
                             _dly
                     _fun9 size 0,6 offset 1
                         _memset size 6,0 offset 12
                         _sprintf size 6,12 offset 12
                             _putch
                             _chread size 2,0 offset 30
                             lwmod
                             lwdiv
                             lwmul
                         _xprint size 7,8 offset 12
                             _strlen size 2,0 offset 27
                             _dis_signle_char size 6,0 offset 27
                                 _lcd_col_config->_lcd_col_config size 0,0 offset 35
                                     _dly
                                 _lcd_page_config->_lcd_page_config size 0,0 offset 35
                                     _dly
                                 _write_data_to_lcd->_write_data_to_lcd size 0,0 offset 35
                                     _dly
                             _dis_double_word size 7,1 offset 27
                                 _lcd_col_config->_lcd_col_config size 0,0 offset 35
                                     _dly
                                 _lcd_page_config->_lcd_page_config size 0,0 offset 35
                                     _dly
                                 _write_data_to_lcd->_write_data_to_lcd size 0,0 offset 35
                                     _dly
                     _fun14 size 0,12 offset 0
                         _memset size 6,0 offset 12
                         _sprintf size 6,12 offset 12
                             _putch
                             _chread size 2,0 offset 30
                             lwmod
                             lwdiv
                             lwmul
                         _xprint size 7,8 offset 12
                             _strlen size 2,0 offset 27
                             _dis_signle_char size 6,0 offset 27
                                 _lcd_col_config->_lcd_col_config size 0,0 offset 35
                                     _dly
                                 _lcd_page_config->_lcd_page_config size 0,0 offset 35
                                     _dly
                                 _write_data_to_lcd->_write_data_to_lcd size 0,0 offset 35
                                     _dly
                             _dis_double_word size 7,1 offset 27
                                 _lcd_col_config->_lcd_col_config size 0,0 offset 35
                                     _dly
                                 _lcd_page_config->_lcd_page_config size 0,0 offset 35
                                     _dly
                                 _write_data_to_lcd->_write_data_to_lcd size 0,0 offset 35
                                     _dly
                     _fun24 size 0,6 offset 0
                         _read_data_from_eeprom size 2,0 offset 6
                         _memset size 6,0 offset 12
                         _sprintf size 6,12 offset 12
                             _putch
                             _chread size 2,0 offset 30
                             lwmod
                             lwdiv
                             lwmul
                         _xprint size 7,8 offset 12
                             _strlen size 2,0 offset 27
                             _dis_signle_char size 6,0 offset 27
                                 _lcd_col_config->_lcd_col_config size 0,0 offset 35
                                     _dly
                                 _lcd_page_config->_lcd_page_config size 0,0 offset 35
                                     _dly
                                 _write_data_to_lcd->_write_data_to_lcd size 0,0 offset 35
                                     _dly
                             _dis_double_word size 7,1 offset 27
                                 _lcd_col_config->_lcd_col_config size 0,0 offset 35
                                     _dly
                                 _lcd_page_config->_lcd_page_config size 0,0 offset 35
                                     _dly
                                 _write_data_to_lcd->_write_data_to_lcd size 0,0 offset 35
                                     _dly
                         _lcd_clear size 0,0 offset 6
                             _lcd_page_config->_lcd_page_config size 0,0 offset 35
                                 _dly
                             _lcd_col_config->_lcd_col_config size 0,0 offset 35
                                 _dly
                             _write_data_to_lcd->_write_data_to_lcd size 0,0 offset 35
                                 _dly
                         _fun40 size 0,0 offset 6
                             _memset size 6,0 offset 12
                             _sprintf size 6,12 offset 12
                                 _putch
                                 _chread size 2,0 offset 30
                                 lwmod
                                 lwdiv
                                 lwmul
                             _xprint size 7,8 offset 12
                                 _strlen size 2,0 offset 27
                                 _dis_signle_char size 6,0 offset 27
                                     _lcd_col_config->_lcd_col_config size 0,0 offset 35
                                         _dly
                                     _lcd_page_config->_lcd_page_config size 0,0 offset 35
                                         _dly
                                     _write_data_to_lcd->_write_data_to_lcd size 0,0 offset 35
                                         _dly
                                 _dis_double_word size 7,1 offset 27
                                     _lcd_col_config->_lcd_col_config size 0,0 offset 35
                                         _dly
                                     _lcd_page_config->_lcd_page_config size 0,0 offset 35
                                         _dly
                                     _write_data_to_lcd->_write_data_to_lcd size 0,0 offset 35
                                         _dly
                         lwmul
                     _fun29 size 0,12 offset 0
                         _memset size 6,0 offset 12
                         _sprintf size 6,12 offset 12
                             _putch
                             _chread size 2,0 offset 30
                             lwmod
                             lwdiv
                             lwmul
                         _xprint size 7,8 offset 12
                             _strlen size 2,0 offset 27
                             _dis_signle_char size 6,0 offset 27
                                 _lcd_col_config->_lcd_col_config size 0,0 offset 35
                                     _dly
                                 _lcd_page_config->_lcd_page_config size 0,0 offset 35
                                     _dly
                                 _write_data_to_lcd->_write_data_to_lcd size 0,0 offset 35
                                     _dly
                             _dis_double_word size 7,1 offset 27
                                 _lcd_col_config->_lcd_col_config size 0,0 offset 35
                                     _dly
                                 _lcd_page_config->_lcd_page_config size 0,0 offset 35
                                     _dly
                                 _write_data_to_lcd->_write_data_to_lcd size 0,0 offset 35
                                     _dly
                 _fun8->_fun0 size 0,6 offset 0
                     _lcd_clear size 0,0 offset 6
                         _lcd_page_config->_lcd_page_config size 0,0 offset 35
                             _dly
                         _lcd_col_config->_lcd_col_config size 0,0 offset 35
                             _dly
                         _write_data_to_lcd->_write_data_to_lcd size 0,0 offset 35
                             _dly
                     _memset size 6,0 offset 12
                     _sprintf size 6,12 offset 12
                         _putch
                         _chread size 2,0 offset 30
                         lwmod
                         lwdiv
                         lwmul
                     _xprint size 7,8 offset 12
                         _strlen size 2,0 offset 27
                         _dis_signle_char size 6,0 offset 27
                             _lcd_col_config->_lcd_col_config size 0,0 offset 35
                                 _dly
                             _lcd_page_config->_lcd_page_config size 0,0 offset 35
                                 _dly
                             _write_data_to_lcd->_write_data_to_lcd size 0,0 offset 35
                                 _dly
                         _dis_double_word size 7,1 offset 27
                             _lcd_col_config->_lcd_col_config size 0,0 offset 35
                                 _dly
                             _lcd_page_config->_lcd_page_config size 0,0 offset 35
                                 _dly
                             _write_data_to_lcd->_write_data_to_lcd size 0,0 offset 35
                                 _dly
                 _fun9 size 0,6 offset 1
                     _memset size 6,0 offset 12
                     _sprintf size 6,12 offset 12
                         _putch
                         _chread size 2,0 offset 30
                         lwmod
                         lwdiv
                         lwmul
                     _xprint size 7,8 offset 12
                         _strlen size 2,0 offset 27
                         _dis_signle_char size 6,0 offset 27
                             _lcd_col_config->_lcd_col_config size 0,0 offset 35
                                 _dly
                             _lcd_page_config->_lcd_page_config size 0,0 offset 35
                                 _dly
                             _write_data_to_lcd->_write_data_to_lcd size 0,0 offset 35
                                 _dly
                         _dis_double_word size 7,1 offset 27
                             _lcd_col_config->_lcd_col_config size 0,0 offset 35
                                 _dly
                             _lcd_page_config->_lcd_page_config size 0,0 offset 35
                                 _dly
                             _write_data_to_lcd->_write_data_to_lcd size 0,0 offset 35
                                 _dly
                 _fun10->_fun9 size 0,6 offset 1
                     _memset size 6,0 offset 12
                     _sprintf size 6,12 offset 12
                         _putch
                         _chread size 2,0 offset 30
                         lwmod
                         lwdiv
                         lwmul
                     _xprint size 7,8 offset 12
                         _strlen size 2,0 offset 27
                         _dis_signle_char size 6,0 offset 27
                             _lcd_col_config->_lcd_col_config size 0,0 offset 35
                                 _dly
                             _lcd_page_config->_lcd_page_config size 0,0 offset 35
                                 _dly
                             _write_data_to_lcd->_write_data_to_lcd size 0,0 offset 35
                                 _dly
                         _dis_double_word size 7,1 offset 27
                             _lcd_col_config->_lcd_col_config size 0,0 offset 35
                                 _dly
                             _lcd_page_config->_lcd_page_config size 0,0 offset 35
                                 _dly
                             _write_data_to_lcd->_write_data_to_lcd size 0,0 offset 35
                                 _dly
                 _fun11->_fun9 size 0,6 offset 1
                     _memset size 6,0 offset 12
                     _sprintf size 6,12 offset 12
                         _putch
                         _chread size 2,0 offset 30
                         lwmod
                         lwdiv
                         lwmul
                     _xprint size 7,8 offset 12
                         _strlen size 2,0 offset 27
                         _dis_signle_char size 6,0 offset 27
                             _lcd_col_config->_lcd_col_config size 0,0 offset 35
                                 _dly
                             _lcd_page_config->_lcd_page_config size 0,0 offset 35
                                 _dly
                             _write_data_to_lcd->_write_data_to_lcd size 0,0 offset 35
                                 _dly
                         _dis_double_word size 7,1 offset 27
                             _lcd_col_config->_lcd_col_config size 0,0 offset 35
                                 _dly
                             _lcd_page_config->_lcd_page_config size 0,0 offset 35
                                 _dly
                             _write_data_to_lcd->_write_data_to_lcd size 0,0 offset 35
                                 _dly
                 _fun20 size 0,0 offset 0
                     _lcd_clear size 0,0 offset 6
                         _lcd_page_config->_lcd_page_config size 0,0 offset 35
                             _dly
                         _lcd_col_config->_lcd_col_config size 0,0 offset 35
                             _dly
                         _write_data_to_lcd->_write_data_to_lcd size 0,0 offset 35
                             _dly
                     _fun41 size 0,0 offset 2
                         _memset size 6,0 offset 12
                         _sprintf size 6,12 offset 12
                             _putch
                             _chread size 2,0 offset 30
                             lwmod
                             lwdiv
                             lwmul
                         _xprint size 7,8 offset 12
                             _strlen size 2,0 offset 27
                             _dis_signle_char size 6,0 offset 27
                                 _lcd_col_config->_lcd_col_config size 0,0 offset 35
                                     _dly
                                 _lcd_page_config->_lcd_page_config size 0,0 offset 35
                                     _dly
                                 _write_data_to_lcd->_write_data_to_lcd size 0,0 offset 35
                                     _dly
                             _dis_double_word size 7,1 offset 27
                                 _lcd_col_config->_lcd_col_config size 0,0 offset 35
                                     _dly
                                 _lcd_page_config->_lcd_page_config size 0,0 offset 35
                                     _dly
                                 _write_data_to_lcd->_write_data_to_lcd size 0,0 offset 35
                                     _dly
                     _fun19 size 0,0 offset 0
                         _memset size 6,0 offset 12
                         _sprintf size 6,12 offset 12
                             _putch
                             _chread size 2,0 offset 30
                             lwmod
                             lwdiv
                             lwmul
                         _xprint size 7,8 offset 12
                             _strlen size 2,0 offset 27
                             _dis_signle_char size 6,0 offset 27
                                 _lcd_col_config->_lcd_col_config size 0,0 offset 35
                                     _dly
                                 _lcd_page_config->_lcd_page_config size 0,0 offset 35
                                     _dly
                                 _write_data_to_lcd->_write_data_to_lcd size 0,0 offset 35
                                     _dly
                             _dis_double_word size 7,1 offset 27
                                 _lcd_col_config->_lcd_col_config size 0,0 offset 35
                                     _dly
                                 _lcd_page_config->_lcd_page_config size 0,0 offset 35
                                     _dly
                                 _write_data_to_lcd->_write_data_to_lcd size 0,0 offset 35
                                     _dly
                 _fun12 size 0,1 offset 0
                     _set_rtc_time size 1,0 offset 1
                         _ds1302_write_data size 1,0 offset 2
                             _delay_us size 2,0 offset 3
                             _ds1302_write_byte->_ds1302_write_byte size 0,0 offset 3
                                 _delay_us size 2,0 offset 3
                         _delay_ms size 2,0 offset 2
                     _lcd_clear size 0,0 offset 6
                         _lcd_page_config->_lcd_page_config size 0,0 offset 35
                             _dly
                         _lcd_col_config->_lcd_col_config size 0,0 offset 35
                             _dly
                         _write_data_to_lcd->_write_data_to_lcd size 0,0 offset 35
                             _dly
                     _fun4 size 0,0 offset 2
                         _memset size 6,0 offset 12
                         _sprintf size 6,12 offset 12
                             _putch
                             _chread size 2,0 offset 30
                             lwmod
                             lwdiv
                             lwmul
                         _xprint size 7,8 offset 12
                             _strlen size 2,0 offset 27
                             _dis_signle_char size 6,0 offset 27
                                 _lcd_col_config->_lcd_col_config size 0,0 offset 35
                                     _dly
                                 _lcd_page_config->_lcd_page_config size 0,0 offset 35
                                     _dly
                                 _write_data_to_lcd->_write_data_to_lcd size 0,0 offset 35
                                     _dly
                             _dis_double_word size 7,1 offset 27
                                 _lcd_col_config->_lcd_col_config size 0,0 offset 35
                                     _dly
                                 _lcd_page_config->_lcd_page_config size 0,0 offset 35
                                     _dly
                                 _write_data_to_lcd->_write_data_to_lcd size 0,0 offset 35
                                     _dly
                     _fun9 size 0,6 offset 1
                         _memset size 6,0 offset 12
                         _sprintf size 6,12 offset 12
                             _putch
                             _chread size 2,0 offset 30
                             lwmod
                             lwdiv
                             lwmul
                         _xprint size 7,8 offset 12
                             _strlen size 2,0 offset 27
                             _dis_signle_char size 6,0 offset 27
                                 _lcd_col_config->_lcd_col_config size 0,0 offset 35
                                     _dly
                                 _lcd_page_config->_lcd_page_config size 0,0 offset 35
                                     _dly
                                 _write_data_to_lcd->_write_data_to_lcd size 0,0 offset 35
                                     _dly
                             _dis_double_word size 7,1 offset 27
                                 _lcd_col_config->_lcd_col_config size 0,0 offset 35
                                     _dly
                                 _lcd_page_config->_lcd_page_config size 0,0 offset 35
                                     _dly
                                 _write_data_to_lcd->_write_data_to_lcd size 0,0 offset 35
                                     _dly
                     awdiv
                     awmod
                 _fun21 size 0,0 offset 0
                     _lcd_clear size 0,0 offset 6
                         _lcd_page_config->_lcd_page_config size 0,0 offset 35
                             _dly
                         _lcd_col_config->_lcd_col_config size 0,0 offset 35
                             _dly
                         _write_data_to_lcd->_write_data_to_lcd size 0,0 offset 35
                             _dly
                     _fun41 size 0,0 offset 2
                         _memset size 6,0 offset 12
                         _sprintf size 6,12 offset 12
                             _putch
                             _chread size 2,0 offset 30
                             lwmod
                             lwdiv
                             lwmul
                         _xprint size 7,8 offset 12
                             _strlen size 2,0 offset 27
                             _dis_signle_char size 6,0 offset 27
                                 _lcd_col_config->_lcd_col_config size 0,0 offset 35
                                     _dly
                                 _lcd_page_config->_lcd_page_config size 0,0 offset 35
                                     _dly
                                 _write_data_to_lcd->_write_data_to_lcd size 0,0 offset 35
                                     _dly
                             _dis_double_word size 7,1 offset 27
                                 _lcd_col_config->_lcd_col_config size 0,0 offset 35
                                     _dly
                                 _lcd_page_config->_lcd_page_config size 0,0 offset 35
                                     _dly
                                 _write_data_to_lcd->_write_data_to_lcd size 0,0 offset 35
                                     _dly
                     _fun19 size 0,0 offset 0
                         _memset size 6,0 offset 12
                         _sprintf size 6,12 offset 12
                             _putch
                             _chread size 2,0 offset 30
                             lwmod
                             lwdiv
                             lwmul
                         _xprint size 7,8 offset 12
                             _strlen size 2,0 offset 27
                             _dis_signle_char size 6,0 offset 27
                                 _lcd_col_config->_lcd_col_config size 0,0 offset 35
                                     _dly
                                 _lcd_page_config->_lcd_page_config size 0,0 offset 35
                                     _dly
                                 _write_data_to_lcd->_write_data_to_lcd size 0,0 offset 35
                                     _dly
                             _dis_double_word size 7,1 offset 27
                                 _lcd_col_config->_lcd_col_config size 0,0 offset 35
                                     _dly
                                 _lcd_page_config->_lcd_page_config size 0,0 offset 35
                                     _dly
                                 _write_data_to_lcd->_write_data_to_lcd size 0,0 offset 35
                                     _dly
                 _fun13->_fun4 size 0,0 offset 2
                     _memset size 6,0 offset 12
                     _sprintf size 6,12 offset 12
                         _putch
                         _chread size 2,0 offset 30
                         lwmod
                         lwdiv
                         lwmul
                     _xprint size 7,8 offset 12
                         _strlen size 2,0 offset 27
                         _dis_signle_char size 6,0 offset 27
                             _lcd_col_config->_lcd_col_config size 0,0 offset 35
                                 _dly
                             _lcd_page_config->_lcd_page_config size 0,0 offset 35
                                 _dly
                             _write_data_to_lcd->_write_data_to_lcd size 0,0 offset 35
                                 _dly
                         _dis_double_word size 7,1 offset 27
                             _lcd_col_config->_lcd_col_config size 0,0 offset 35
                                 _dly
                             _lcd_page_config->_lcd_page_config size 0,0 offset 35
                                 _dly
                             _write_data_to_lcd->_write_data_to_lcd size 0,0 offset 35
                                 _dly
                 _fun30->_fun29 size 0,12 offset 0
                     _memset size 6,0 offset 12
                     _sprintf size 6,12 offset 12
                         _putch
                         _chread size 2,0 offset 30
                         lwmod
                         lwdiv
                         lwmul
                     _xprint size 7,8 offset 12
                         _strlen size 2,0 offset 27
                         _dis_signle_char size 6,0 offset 27
                             _lcd_col_config->_lcd_col_config size 0,0 offset 35
                                 _dly
                             _lcd_page_config->_lcd_page_config size 0,0 offset 35
                                 _dly
                             _write_data_to_lcd->_write_data_to_lcd size 0,0 offset 35
                                 _dly
                         _dis_double_word size 7,1 offset 27
                             _lcd_col_config->_lcd_col_config size 0,0 offset 35
                                 _dly
                             _lcd_page_config->_lcd_page_config size 0,0 offset 35
                                 _dly
                             _write_data_to_lcd->_write_data_to_lcd size 0,0 offset 35
                                 _dly
                 _fun22 size 0,0 offset 0
                     _lcd_clear size 0,0 offset 6
                         _lcd_page_config->_lcd_page_config size 0,0 offset 35
                             _dly
                         _lcd_col_config->_lcd_col_config size 0,0 offset 35
                             _dly
                         _write_data_to_lcd->_write_data_to_lcd size 0,0 offset 35
                             _dly
                     _fun46 size 0,0 offset 0
                         _memset size 6,0 offset 12
                         _sprintf size 6,12 offset 12
                             _putch
                             _chread size 2,0 offset 30
                             lwmod
                             lwdiv
                             lwmul
                         _xprint size 7,8 offset 12
                             _strlen size 2,0 offset 27
                             _dis_signle_char size 6,0 offset 27
                                 _lcd_col_config->_lcd_col_config size 0,0 offset 35
                                     _dly
                                 _lcd_page_config->_lcd_page_config size 0,0 offset 35
                                     _dly
                                 _write_data_to_lcd->_write_data_to_lcd size 0,0 offset 35
                                     _dly
                             _dis_double_word size 7,1 offset 27
                                 _lcd_col_config->_lcd_col_config size 0,0 offset 35
                                     _dly
                                 _lcd_page_config->_lcd_page_config size 0,0 offset 35
                                     _dly
                                 _write_data_to_lcd->_write_data_to_lcd size 0,0 offset 35
                                     _dly
                     _fun51 size 0,2 offset 0
                         _memset size 6,0 offset 12
                         _sprintf size 6,12 offset 12
                             _putch
                             _chread size 2,0 offset 30
                             lwmod
                             lwdiv
                             lwmul
                         _xprint size 7,8 offset 12
                             _strlen size 2,0 offset 27
                             _dis_signle_char size 6,0 offset 27
                                 _lcd_col_config->_lcd_col_config size 0,0 offset 35
                                     _dly
                                 _lcd_page_config->_lcd_page_config size 0,0 offset 35
                                     _dly
                                 _write_data_to_lcd->_write_data_to_lcd size 0,0 offset 35
                                     _dly
                             _dis_double_word size 7,1 offset 27
                                 _lcd_col_config->_lcd_col_config size 0,0 offset 35
                                     _dly
                                 _lcd_page_config->_lcd_page_config size 0,0 offset 35
                                     _dly
                                 _write_data_to_lcd->_write_data_to_lcd size 0,0 offset 35
                                     _dly
                     _fun56 size 0,2 offset 0
                         _memset size 6,0 offset 12
                         _sprintf size 6,12 offset 12
                             _putch
                             _chread size 2,0 offset 30
                             lwmod
                             lwdiv
                             lwmul
                         _xprint size 7,8 offset 12
                             _strlen size 2,0 offset 27
                             _dis_signle_char size 6,0 offset 27
                                 _lcd_col_config->_lcd_col_config size 0,0 offset 35
                                     _dly
                                 _lcd_page_config->_lcd_page_config size 0,0 offset 35
                                     _dly
                                 _write_data_to_lcd->_write_data_to_lcd size 0,0 offset 35
                                     _dly
                             _dis_double_word size 7,1 offset 27
                                 _lcd_col_config->_lcd_col_config size 0,0 offset 35
                                     _dly
                                 _lcd_page_config->_lcd_page_config size 0,0 offset 35
                                     _dly
                                 _write_data_to_lcd->_write_data_to_lcd size 0,0 offset 35
                                     _dly
                     _fun61 size 0,2 offset 0
                         _memset size 6,0 offset 12
                         _sprintf size 6,12 offset 12
                             _putch
                             _chread size 2,0 offset 30
                             lwmod
                             lwdiv
                             lwmul
                         _xprint size 7,8 offset 12
                             _strlen size 2,0 offset 27
                             _dis_signle_char size 6,0 offset 27
                                 _lcd_col_config->_lcd_col_config size 0,0 offset 35
                                     _dly
                                 _lcd_page_config->_lcd_page_config size 0,0 offset 35
                                     _dly
                                 _write_data_to_lcd->_write_data_to_lcd size 0,0 offset 35
                                     _dly
                             _dis_double_word size 7,1 offset 27
                                 _lcd_col_config->_lcd_col_config size 0,0 offset 35
                                     _dly
                                 _lcd_page_config->_lcd_page_config size 0,0 offset 35
                                     _dly
                                 _write_data_to_lcd->_write_data_to_lcd size 0,0 offset 35
                                     _dly
                 _fun14 size 0,12 offset 0
                     _memset size 6,0 offset 12
                     _sprintf size 6,12 offset 12
                         _putch
                         _chread size 2,0 offset 30
                         lwmod
                         lwdiv
                         lwmul
                     _xprint size 7,8 offset 12
                         _strlen size 2,0 offset 27
                         _dis_signle_char size 6,0 offset 27
                             _lcd_col_config->_lcd_col_config size 0,0 offset 35
                                 _dly
                             _lcd_page_config->_lcd_page_config size 0,0 offset 35
                                 _dly
                             _write_data_to_lcd->_write_data_to_lcd size 0,0 offset 35
                                 _dly
                         _dis_double_word size 7,1 offset 27
                             _lcd_col_config->_lcd_col_config size 0,0 offset 35
                                 _dly
                             _lcd_page_config->_lcd_page_config size 0,0 offset 35
                                 _dly
                             _write_data_to_lcd->_write_data_to_lcd size 0,0 offset 35
                                 _dly
                 _fun31->_fun29 size 0,12 offset 0
                     _memset size 6,0 offset 12
                     _sprintf size 6,12 offset 12
                         _putch
                         _chread size 2,0 offset 30
                         lwmod
                         lwdiv
                         lwmul
                     _xprint size 7,8 offset 12
                         _strlen size 2,0 offset 27
                         _dis_signle_char size 6,0 offset 27
                             _lcd_col_config->_lcd_col_config size 0,0 offset 35
                                 _dly
                             _lcd_page_config->_lcd_page_config size 0,0 offset 35
                                 _dly
                             _write_data_to_lcd->_write_data_to_lcd size 0,0 offset 35
                                 _dly
                         _dis_double_word size 7,1 offset 27
                             _lcd_col_config->_lcd_col_config size 0,0 offset 35
                                 _dly
                             _lcd_page_config->_lcd_page_config size 0,0 offset 35
                                 _dly
                             _write_data_to_lcd->_write_data_to_lcd size 0,0 offset 35
                                 _dly
                 _fun23 size 0,0 offset 0
                     _lcd_clear size 0,0 offset 6
                         _lcd_page_config->_lcd_page_config size 0,0 offset 35
                             _dly
                         _lcd_col_config->_lcd_col_config size 0,0 offset 35
                             _dly
                         _write_data_to_lcd->_write_data_to_lcd size 0,0 offset 35
                             _dly
                     _fun4 size 0,0 offset 2
                         _memset size 6,0 offset 12
                         _sprintf size 6,12 offset 12
                             _putch
                             _chread size 2,0 offset 30
                             lwmod
                             lwdiv
                             lwmul
                         _xprint size 7,8 offset 12
                             _strlen size 2,0 offset 27
                             _dis_signle_char size 6,0 offset 27
                                 _lcd_col_config->_lcd_col_config size 0,0 offset 35
                                     _dly
                                 _lcd_page_config->_lcd_page_config size 0,0 offset 35
                                     _dly
                                 _write_data_to_lcd->_write_data_to_lcd size 0,0 offset 35
                                     _dly
                             _dis_double_word size 7,1 offset 27
                                 _lcd_col_config->_lcd_col_config size 0,0 offset 35
                                     _dly
                                 _lcd_page_config->_lcd_page_config size 0,0 offset 35
                                     _dly
                                 _write_data_to_lcd->_write_data_to_lcd size 0,0 offset 35
                                     _dly
                 _fun15->_fun14 size 0,12 offset 0
                     _memset size 6,0 offset 12
                     _sprintf size 6,12 offset 12
                         _putch
                         _chread size 2,0 offset 30
                         lwmod
                         lwdiv
                         lwmul
                     _xprint size 7,8 offset 12
                         _strlen size 2,0 offset 27
                         _dis_signle_char size 6,0 offset 27
                             _lcd_col_config->_lcd_col_config size 0,0 offset 35
                                 _dly
                             _lcd_page_config->_lcd_page_config size 0,0 offset 35
                                 _dly
                             _write_data_to_lcd->_write_data_to_lcd size 0,0 offset 35
                                 _dly
                         _dis_double_word size 7,1 offset 27
                             _lcd_col_config->_lcd_col_config size 0,0 offset 35
                                 _dly
                             _lcd_page_config->_lcd_page_config size 0,0 offset 35
                                 _dly
                             _write_data_to_lcd->_write_data_to_lcd size 0,0 offset 35
                                 _dly
                 _fun40 size 0,0 offset 6
                     _memset size 6,0 offset 12
                     _sprintf size 6,12 offset 12
                         _putch
                         _chread size 2,0 offset 30
                         lwmod
                         lwdiv
                         lwmul
                     _xprint size 7,8 offset 12
                         _strlen size 2,0 offset 27
                         _dis_signle_char size 6,0 offset 27
                             _lcd_col_config->_lcd_col_config size 0,0 offset 35
                                 _dly
                             _lcd_page_config->_lcd_page_config size 0,0 offset 35
                                 _dly
                             _write_data_to_lcd->_write_data_to_lcd size 0,0 offset 35
                                 _dly
                         _dis_double_word size 7,1 offset 27
                             _lcd_col_config->_lcd_col_config size 0,0 offset 35
                                 _dly
                             _lcd_page_config->_lcd_page_config size 0,0 offset 35
                                 _dly
                             _write_data_to_lcd->_write_data_to_lcd size 0,0 offset 35
                                 _dly
                 _fun32 size 0,0 offset 0
                     _fun34 size 0,12 offset 0
                         _memset size 6,0 offset 12
                         _sprintf size 6,12 offset 12
                             _putch
                             _chread size 2,0 offset 30
                             lwmod
                             lwdiv
                             lwmul
                         _xprint size 7,8 offset 12
                             _strlen size 2,0 offset 27
                             _dis_signle_char size 6,0 offset 27
                                 _lcd_col_config->_lcd_col_config size 0,0 offset 35
                                     _dly
                                 _lcd_page_config->_lcd_page_config size 0,0 offset 35
                                     _dly
                                 _write_data_to_lcd->_write_data_to_lcd size 0,0 offset 35
                                     _dly
                             _dis_double_word size 7,1 offset 27
                                 _lcd_col_config->_lcd_col_config size 0,0 offset 35
                                     _dly
                                 _lcd_page_config->_lcd_page_config size 0,0 offset 35
                                     _dly
                                 _write_data_to_lcd->_write_data_to_lcd size 0,0 offset 35
                                     _dly
                     _fun29 size 0,12 offset 0
                         _memset size 6,0 offset 12
                         _sprintf size 6,12 offset 12
                             _putch
                             _chread size 2,0 offset 30
                             lwmod
                             lwdiv
                             lwmul
                         _xprint size 7,8 offset 12
                             _strlen size 2,0 offset 27
                             _dis_signle_char size 6,0 offset 27
                                 _lcd_col_config->_lcd_col_config size 0,0 offset 35
                                     _dly
                                 _lcd_page_config->_lcd_page_config size 0,0 offset 35
                                     _dly
                                 _write_data_to_lcd->_write_data_to_lcd size 0,0 offset 35
                                     _dly
                             _dis_double_word size 7,1 offset 27
                                 _lcd_col_config->_lcd_col_config size 0,0 offset 35
                                     _dly
                                 _lcd_page_config->_lcd_page_config size 0,0 offset 35
                                     _dly
                                 _write_data_to_lcd->_write_data_to_lcd size 0,0 offset 35
                                     _dly
                 _fun24 size 0,6 offset 0
                     _read_data_from_eeprom size 2,0 offset 6
                     _memset size 6,0 offset 12
                     _sprintf size 6,12 offset 12
                         _putch
                         _chread size 2,0 offset 30
                         lwmod
                         lwdiv
                         lwmul
                     _xprint size 7,8 offset 12
                         _strlen size 2,0 offset 27
                         _dis_signle_char size 6,0 offset 27
                             _lcd_col_config->_lcd_col_config size 0,0 offset 35
                                 _dly
                             _lcd_page_config->_lcd_page_config size 0,0 offset 35
                                 _dly
                             _write_data_to_lcd->_write_data_to_lcd size 0,0 offset 35
                                 _dly
                         _dis_double_word size 7,1 offset 27
                             _lcd_col_config->_lcd_col_config size 0,0 offset 35
                                 _dly
                             _lcd_page_config->_lcd_page_config size 0,0 offset 35
                                 _dly
                             _write_data_to_lcd->_write_data_to_lcd size 0,0 offset 35
                                 _dly
                     _lcd_clear size 0,0 offset 6
                         _lcd_page_config->_lcd_page_config size 0,0 offset 35
                             _dly
                         _lcd_col_config->_lcd_col_config size 0,0 offset 35
                             _dly
                         _write_data_to_lcd->_write_data_to_lcd size 0,0 offset 35
                             _dly
                     _fun40 size 0,0 offset 6
                         _memset size 6,0 offset 12
                         _sprintf size 6,12 offset 12
                             _putch
                             _chread size 2,0 offset 30
                             lwmod
                             lwdiv
                             lwmul
                         _xprint size 7,8 offset 12
                             _strlen size 2,0 offset 27
                             _dis_signle_char size 6,0 offset 27
                                 _lcd_col_config->_lcd_col_config size 0,0 offset 35
                                     _dly
                                 _lcd_page_config->_lcd_page_config size 0,0 offset 35
                                     _dly
                                 _write_data_to_lcd->_write_data_to_lcd size 0,0 offset 35
                                     _dly
                             _dis_double_word size 7,1 offset 27
                                 _lcd_col_config->_lcd_col_config size 0,0 offset 35
                                     _dly
                                 _lcd_page_config->_lcd_page_config size 0,0 offset 35
                                     _dly
                                 _write_data_to_lcd->_write_data_to_lcd size 0,0 offset 35
                                     _dly
                     lwmul
                 _fun16->_fun14 size 0,12 offset 0
                     _memset size 6,0 offset 12
                     _sprintf size 6,12 offset 12
                         _putch
                         _chread size 2,0 offset 30
                         lwmod
                         lwdiv
                         lwmul
                     _xprint size 7,8 offset 12
                         _strlen size 2,0 offset 27
                         _dis_signle_char size 6,0 offset 27
                             _lcd_col_config->_lcd_col_config size 0,0 offset 35
                                 _dly
                             _lcd_page_config->_lcd_page_config size 0,0 offset 35
                                 _dly
                             _write_data_to_lcd->_write_data_to_lcd size 0,0 offset 35
                                 _dly
                         _dis_double_word size 7,1 offset 27
                             _lcd_col_config->_lcd_col_config size 0,0 offset 35
                                 _dly
                             _lcd_page_config->_lcd_page_config size 0,0 offset 35
                                 _dly
                             _write_data_to_lcd->_write_data_to_lcd size 0,0 offset 35
                                 _dly
                 _fun41 size 0,0 offset 2
                     _memset size 6,0 offset 12
                     _sprintf size 6,12 offset 12
                         _putch
                         _chread size 2,0 offset 30
                         lwmod
                         lwdiv
                         lwmul
                     _xprint size 7,8 offset 12
                         _strlen size 2,0 offset 27
                         _dis_signle_char size 6,0 offset 27
                             _lcd_col_config->_lcd_col_config size 0,0 offset 35
                                 _dly
                             _lcd_page_config->_lcd_page_config size 0,0 offset 35
                                 _dly
                             _write_data_to_lcd->_write_data_to_lcd size 0,0 offset 35
                                 _dly
                         _dis_double_word size 7,1 offset 27
                             _lcd_col_config->_lcd_col_config size 0,0 offset 35
                                 _dly
                             _lcd_page_config->_lcd_page_config size 0,0 offset 35
                                 _dly
                             _write_data_to_lcd->_write_data_to_lcd size 0,0 offset 35
                                 _dly
                 _fun33->_fun4 size 0,0 offset 2
                     _memset size 6,0 offset 12
                     _sprintf size 6,12 offset 12
                         _putch
                         _chread size 2,0 offset 30
                         lwmod
                         lwdiv
                         lwmul
                     _xprint size 7,8 offset 12
                         _strlen size 2,0 offset 27
                         _dis_signle_char size 6,0 offset 27
                             _lcd_col_config->_lcd_col_config size 0,0 offset 35
                                 _dly
                             _lcd_page_config->_lcd_page_config size 0,0 offset 35
                                 _dly
                             _write_data_to_lcd->_write_data_to_lcd size 0,0 offset 35
                                 _dly
                         _dis_double_word size 7,1 offset 27
                             _lcd_col_config->_lcd_col_config size 0,0 offset 35
                                 _dly
                             _lcd_page_config->_lcd_page_config size 0,0 offset 35
                                 _dly
                             _write_data_to_lcd->_write_data_to_lcd size 0,0 offset 35
                                 _dly
                 _fun25->_fun24 size 0,6 offset 0
                     _read_data_from_eeprom size 2,0 offset 6
                     _memset size 6,0 offset 12
                     _sprintf size 6,12 offset 12
                         _putch
                         _chread size 2,0 offset 30
                         lwmod
                         lwdiv
                         lwmul
                     _xprint size 7,8 offset 12
                         _strlen size 2,0 offset 27
                         _dis_signle_char size 6,0 offset 27
                             _lcd_col_config->_lcd_col_config size 0,0 offset 35
                                 _dly
                             _lcd_page_config->_lcd_page_config size 0,0 offset 35
                                 _dly
                             _write_data_to_lcd->_write_data_to_lcd size 0,0 offset 35
                                 _dly
                         _dis_double_word size 7,1 offset 27
                             _lcd_col_config->_lcd_col_config size 0,0 offset 35
                                 _dly
                             _lcd_page_config->_lcd_page_config size 0,0 offset 35
                                 _dly
                             _write_data_to_lcd->_write_data_to_lcd size 0,0 offset 35
                                 _dly
                     _lcd_clear size 0,0 offset 6
                         _lcd_page_config->_lcd_page_config size 0,0 offset 35
                             _dly
                         _lcd_col_config->_lcd_col_config size 0,0 offset 35
                             _dly
                         _write_data_to_lcd->_write_data_to_lcd size 0,0 offset 35
                             _dly
                     _fun40 size 0,0 offset 6
                         _memset size 6,0 offset 12
                         _sprintf size 6,12 offset 12
                             _putch
                             _chread size 2,0 offset 30
                             lwmod
                             lwdiv
                             lwmul
                         _xprint size 7,8 offset 12
                             _strlen size 2,0 offset 27
                             _dis_signle_char size 6,0 offset 27
                                 _lcd_col_config->_lcd_col_config size 0,0 offset 35
                                     _dly
                                 _lcd_page_config->_lcd_page_config size 0,0 offset 35
                                     _dly
                                 _write_data_to_lcd->_write_data_to_lcd size 0,0 offset 35
                                     _dly
                             _dis_double_word size 7,1 offset 27
                                 _lcd_col_config->_lcd_col_config size 0,0 offset 35
                                     _dly
                                 _lcd_page_config->_lcd_page_config size 0,0 offset 35
                                     _dly
                                 _write_data_to_lcd->_write_data_to_lcd size 0,0 offset 35
                                     _dly
                     lwmul
                 _fun17 size 0,0 offset 0
                     _lcd_clear size 0,0 offset 6
                         _lcd_page_config->_lcd_page_config size 0,0 offset 35
                             _dly
                         _lcd_col_config->_lcd_col_config size 0,0 offset 35
                             _dly
                         _write_data_to_lcd->_write_data_to_lcd size 0,0 offset 35
                             _dly
                     _fun19 size 0,0 offset 0
                         _memset size 6,0 offset 12
                         _sprintf size 6,12 offset 12
                             _putch
                             _chread size 2,0 offset 30
                             lwmod
                             lwdiv
                             lwmul
                         _xprint size 7,8 offset 12
                             _strlen size 2,0 offset 27
                             _dis_signle_char size 6,0 offset 27
                                 _lcd_col_config->_lcd_col_config size 0,0 offset 35
                                     _dly
                                 _lcd_page_config->_lcd_page_config size 0,0 offset 35
                                     _dly
                                 _write_data_to_lcd->_write_data_to_lcd size 0,0 offset 35
                                     _dly
                             _dis_double_word size 7,1 offset 27
                                 _lcd_col_config->_lcd_col_config size 0,0 offset 35
                                     _dly
                                 _lcd_page_config->_lcd_page_config size 0,0 offset 35
                                     _dly
                                 _write_data_to_lcd->_write_data_to_lcd size 0,0 offset 35
                                     _dly
                     _fun14 size 0,12 offset 0
                         _memset size 6,0 offset 12
                         _sprintf size 6,12 offset 12
                             _putch
                             _chread size 2,0 offset 30
                             lwmod
                             lwdiv
                             lwmul
                         _xprint size 7,8 offset 12
                             _strlen size 2,0 offset 27
                             _dis_signle_char size 6,0 offset 27
                                 _lcd_col_config->_lcd_col_config size 0,0 offset 35
                                     _dly
                                 _lcd_page_config->_lcd_page_config size 0,0 offset 35
                                     _dly
                                 _write_data_to_lcd->_write_data_to_lcd size 0,0 offset 35
                                     _dly
                             _dis_double_word size 7,1 offset 27
                                 _lcd_col_config->_lcd_col_config size 0,0 offset 35
                                     _dly
                                 _lcd_page_config->_lcd_page_config size 0,0 offset 35
                                     _dly
                                 _write_data_to_lcd->_write_data_to_lcd size 0,0 offset 35
                                     _dly
                 _fun50 size 0,0 offset 0
                     _lcd_clear size 0,0 offset 6
                         _lcd_page_config->_lcd_page_config size 0,0 offset 35
                             _dly
                         _lcd_col_config->_lcd_col_config size 0,0 offset 35
                             _dly
                         _write_data_to_lcd->_write_data_to_lcd size 0,0 offset 35
                             _dly
                     _fun19 size 0,0 offset 0
                         _memset size 6,0 offset 12
                         _sprintf size 6,12 offset 12
                             _putch
                             _chread size 2,0 offset 30
                             lwmod
                             lwdiv
                             lwmul
                         _xprint size 7,8 offset 12
                             _strlen size 2,0 offset 27
                             _dis_signle_char size 6,0 offset 27
                                 _lcd_col_config->_lcd_col_config size 0,0 offset 35
                                     _dly
                                 _lcd_page_config->_lcd_page_config size 0,0 offset 35
                                     _dly
                                 _write_data_to_lcd->_write_data_to_lcd size 0,0 offset 35
                                     _dly
                             _dis_double_word size 7,1 offset 27
                                 _lcd_col_config->_lcd_col_config size 0,0 offset 35
                                     _dly
                                 _lcd_page_config->_lcd_page_config size 0,0 offset 35
                                     _dly
                                 _write_data_to_lcd->_write_data_to_lcd size 0,0 offset 35
                                     _dly
                 _fun42 size 0,0 offset 0
                     _lcd_clear size 0,0 offset 6
                         _lcd_page_config->_lcd_page_config size 0,0 offset 35
                             _dly
                         _lcd_col_config->_lcd_col_config size 0,0 offset 35
                             _dly
                         _write_data_to_lcd->_write_data_to_lcd size 0,0 offset 35
                             _dly
                     _fun19 size 0,0 offset 0
                         _memset size 6,0 offset 12
                         _sprintf size 6,12 offset 12
                             _putch
                             _chread size 2,0 offset 30
                             lwmod
                             lwdiv
                             lwmul
                         _xprint size 7,8 offset 12
                             _strlen size 2,0 offset 27
                             _dis_signle_char size 6,0 offset 27
                                 _lcd_col_config->_lcd_col_config size 0,0 offset 35
                                     _dly
                                 _lcd_page_config->_lcd_page_config size 0,0 offset 35
                                     _dly
                                 _write_data_to_lcd->_write_data_to_lcd size 0,0 offset 35
                                     _dly
                             _dis_double_word size 7,1 offset 27
                                 _lcd_col_config->_lcd_col_config size 0,0 offset 35
                                     _dly
                                 _lcd_page_config->_lcd_page_config size 0,0 offset 35
                                     _dly
                                 _write_data_to_lcd->_write_data_to_lcd size 0,0 offset 35
                                     _dly
                 _fun34 size 0,12 offset 0
                     _memset size 6,0 offset 12
                     _sprintf size 6,12 offset 12
                         _putch
                         _chread size 2,0 offset 30
                         lwmod
                         lwdiv
                         lwmul
                     _xprint size 7,8 offset 12
                         _strlen size 2,0 offset 27
                         _dis_signle_char size 6,0 offset 27
                             _lcd_col_config->_lcd_col_config size 0,0 offset 35
                                 _dly
                             _lcd_page_config->_lcd_page_config size 0,0 offset 35
                                 _dly
                             _write_data_to_lcd->_write_data_to_lcd size 0,0 offset 35
                                 _dly
                         _dis_double_word size 7,1 offset 27
                             _lcd_col_config->_lcd_col_config size 0,0 offset 35
                                 _dly
                             _lcd_page_config->_lcd_page_config size 0,0 offset 35
                                 _dly
                             _write_data_to_lcd->_write_data_to_lcd size 0,0 offset 35
                                 _dly
                 _fun26->_fun24 size 0,6 offset 0
                     _read_data_from_eeprom size 2,0 offset 6
                     _memset size 6,0 offset 12
                     _sprintf size 6,12 offset 12
                         _putch
                         _chread size 2,0 offset 30
                         lwmod
                         lwdiv
                         lwmul
                     _xprint size 7,8 offset 12
                         _strlen size 2,0 offset 27
                         _dis_signle_char size 6,0 offset 27
                             _lcd_col_config->_lcd_col_config size 0,0 offset 35
                                 _dly
                             _lcd_page_config->_lcd_page_config size 0,0 offset 35
                                 _dly
                             _write_data_to_lcd->_write_data_to_lcd size 0,0 offset 35
                                 _dly
                         _dis_double_word size 7,1 offset 27
                             _lcd_col_config->_lcd_col_config size 0,0 offset 35
                                 _dly
                             _lcd_page_config->_lcd_page_config size 0,0 offset 35
                                 _dly
                             _write_data_to_lcd->_write_data_to_lcd size 0,0 offset 35
                                 _dly
                     _lcd_clear size 0,0 offset 6
                         _lcd_page_config->_lcd_page_config size 0,0 offset 35
                             _dly
                         _lcd_col_config->_lcd_col_config size 0,0 offset 35
                             _dly
                         _write_data_to_lcd->_write_data_to_lcd size 0,0 offset 35
                             _dly
                     _fun40 size 0,0 offset 6
                         _memset size 6,0 offset 12
                         _sprintf size 6,12 offset 12
                             _putch
                             _chread size 2,0 offset 30
                             lwmod
                             lwdiv
                             lwmul
                         _xprint size 7,8 offset 12
                             _strlen size 2,0 offset 27
                             _dis_signle_char size 6,0 offset 27
                                 _lcd_col_config->_lcd_col_config size 0,0 offset 35
                                     _dly
                                 _lcd_page_config->_lcd_page_config size 0,0 offset 35
                                     _dly
                                 _write_data_to_lcd->_write_data_to_lcd size 0,0 offset 35
                                     _dly
                             _dis_double_word size 7,1 offset 27
                                 _lcd_col_config->_lcd_col_config size 0,0 offset 35
                                     _dly
                                 _lcd_page_config->_lcd_page_config size 0,0 offset 35
                                     _dly
                                 _write_data_to_lcd->_write_data_to_lcd size 0,0 offset 35
                                     _dly
                     lwmul
                 _fun18->_fun4 size 0,0 offset 2
                     _memset size 6,0 offset 12
                     _sprintf size 6,12 offset 12
                         _putch
                         _chread size 2,0 offset 30
                         lwmod
                         lwdiv
                         lwmul
                     _xprint size 7,8 offset 12
[...]
sbsr0.obj       rbss             D        D        1       0     1
sprintf.obj     temp             0        0        6       0     1
		bss              E        E        2       E     1
		text          9528     9528      586    12FB     0
store.obj       temp             0        0        4       0     1
		text          A3BE     A3BE       20    12FB     0
wdiv.obj        temp             0        0        7       0     1
		text          A1E4     A1E4       66    12FB     0
wmul.obj        temp             0        0        6       0     1
		text          A3DE     A3DE       1C    12FB     0

COMMON          param           29       29       23      29     1

TOTAL		Name          Link     Load   Length
	CLASS	COMRAM   
		rbss             D        D        1
		temp             0        0        D

	CLASS	RAM      
		param           29       29       23
		data            4C       4C       B4
		bss            169      169       2E
		bss             16       16       13
		bss            197      197        C
		bss             10       10        6
		bss            1A3      1A3        6
		bss            100      100       69
		bss              E        E        2

	CLASS	BIGRAM   
		bigbss         E7E      E7E       7B
		bigdata        E7D      E7D        1
		intsave_r      EF9      EF9        7

	CLASS	NVRAM    

	CLASS	CODE     
		intcode          8        8        4
		powerup          0        0        4
		ibigdata         7        7        1
		end_init        60       60        4
		init            18       18       48
		const          F00      F00     16F5
		idata           64       64       B4
		text           118      118      8CA
		text          9ED0     9ED0      1B4
		text          6CD2     6CD2     1C0C
		text          9AAE     9AAE      422
		text           9E2      9E2      458
		text          A084     A084       DA
		text          8F62     8F62      5C6
		text          25F6     25F6     46DC
		text          A364     A364       30
		text          88DE     88DE      684
		text          A332     A332       32
		text          A2A6     A2A6       50
		text          A2F6     A2F6       3C
		text          A422     A422       14
		text          A3FA     A3FA       14
		text          A394     A394       2A
		text          A24A     A24A       5C
		text           EF0      EF0       10
		clrtext       A40E     A40E       14
		text          A44A     A44A       14
		text          A436     A436       14
		text           E3A      E3A       B6
		text          A15E     A15E       86
		text             4        4        2
		text          9528     9528      586
		text          A3BE     A3BE       20
		text          A1E4     A1E4       66
		text          A3DE     A3DE       1C

	CLASS	FARRAM   

	CLASS	EEDATA   

	CLASS	IDLOC    

	CLASS	CONFIG   
		config      300000   300000        E



SEGMENTS	Name		Load	Length	 Top	Selector    Space Class

		temp            000000	00000E	00000E	       0       1  COMRAM  
		powerup         000000	000006	000006	       0       0  CODE    
		ibigdata        000007	000001	000008	       7       0  CODE    
		intcode         000008	000004	00000C	       4       0  CODE    
		bss             00000E	000002	000010	       E       1  RAM     
		bss             000010	000006	000016	      10       1  RAM     
		bss             000016	000013	000029	      16       1  RAM     
		intcodelo       000018	000EE8	000F00	       C       0  CODE    
		param           000029	000023	00004C	      29       1  RAM     
		data            00004C	00015D	0001A9	      4C       1  RAM     
		bigdata         000E7D	000001	000E7E	     E7D       1  BIGRAM  
		bigbss          000E7E	00007B	000EF9	     E7E       1  BIGRAM  
		intsave_regs    000EF9	000007	000F00	     EF9       1  BIGRAM  
		const           000F00	0016F5	0025F5	     F00       0  CODE    
		text            0025F6	007E68	00A45E	    12FB       0  CODE    
		config          300000	00000E	30000E	  300000       0  CONFIG  


UNUSED ADDRESS RANGES

	BIGRAM           0001A9-000E7C
	CODE             000006-000006
	                 00000C-000017
	                 0025F5-0025F5
	                 00A45E-00FFFF
	NVRAM            000E00-000E7C
	RAM              0001A9-000E7C

                                  Symbol Table

?_bcd_to_asc            param        000029
?_chread                param        000047
?_delay_ms              param        00002B
?_delay_us              param        00002C
?_dis_double_word       param        000044
?_dis_signle_char       param        000044
?_ds1302_set_time       param        000029
?_ds1302_write_data     param        00002B
?_memset                param        000035
?_pd_val                param        000029
?_read_data_from_eeprom param        00002F
?_root                  param        000041
?_set_rtc_time          param        00002A
?_sprintf               param        000035
?_strlen                param        000044
?_write_data_to_eeprom  param        00002B
?_xprint                param        000035
?_xprintf               param        000029
?a_cal_channle_val      param        000029
?a_dis_double_word      param        00004B
?a_fill_bit_picture     param        000029
?a_fun0                 param        000029
?a_fun1                 param        000029
?a_fun12                param        000029
?a_fun14                param        000029
?a_fun2                 param        000029
?a_fun24                param        000029
?a_fun29                param        000029
?a_fun3                 param        000029
?a_fun34                param        000029
?a_fun51                param        000029
?a_fun56                param        000029
?a_fun61                param        000029
?a_fun69                param        000029
?a_fun9                 param        00002A
?a_lcd_fresh            param        000029
?a_parament_init        param        000029
?a_root                 param        000045
?a_rtc_test             param        000029
?a_sprintf              param        00003B
?a_testeeprom           param        000029
?a_xprint               param        00003C
?a_xprintf              param        000029
__Bnvbit                nvbit        00000E
__Brbit                 rbit         00000E
__HRAM                  (abs)        0001A9
__H__Z88888RS_          __Z88888RS_  000004
__Hbigbss               bigbss       000EF9
__Hbigdata              bigdata      000E7E
__Hbss                  bss          000004
__Hclrtext              clrtext      000004
__Hconfig               config       30000E
__Hconst                const        0025F5
__Hdata                 data         000100
__Heeprom_data          eeprom_data  F00000
__Hend_init             end_init     000064
__Hfarbss               farbss       000000
__Hfardata              fardata      000000
__Hfstlkup              fstlkup      000004
__Hibigdata             ibigdata     000008
__Hidata                idata        000118
__Hidloc                idloc        200000
__Hifardata             ifardata     000004
__Hinit                 init         000060
__Hintcode              intcode      00000C
__Hintcodelo            intcodelo    000018
__Hintentry             intentry     000004
__Hintret               intret       000004
__Hintsave_regs         intsave_regs 000F00
__Hirdata               irdata       000004
__Hnvbit                nvbit        000070
__Hnvram                nvram        000E00
__Hnvrram               nvrram       00000E
__Hparam                param        00004C
__Hpowerup              powerup      000004
__Hramtop               ramtop       000F00
__Hrbit                 rbit         000070
__Hrbss                 rbss         00000E
__Hrdata                rdata        00000E
__Hstruct               struct       00000E
__Htemp                 temp         00000D
__Htext                 text         000004
__LRAM                  (abs)        00000E
__L__Z88888RS_          __Z88888RS_  000004
__Lbigbss               bigbss       000E7E
__Lbigdata              bigdata      000E7D
__Lbss                  bss          000004
__Lclrtext              clrtext      000004
__Lconfig               config       300000
__Lconst                const        000F00
__Ldata                 data         00004C
__Leeprom_data          eeprom_data  F00000
__Lend_init             end_init     000060
__Lfarbss               farbss       000000
__Lfardata              fardata      000000
__Lfstlkup              fstlkup      000004
__Libigdata             ibigdata     000007
__Lidata                idata        000064
__Lidloc                idloc        200000
__Lifardata             ifardata     000004
__Linit                 init         000018
__Lintcode              intcode      000008
__Lintcodelo            intcodelo    000018
__Lintentry             intentry     000004
__Lintret               intret       000004
__Lintsave_regs         intsave_regs 000EF9
__Lirdata               irdata       000004
__Lnvbit                nvbit        000070
__Lnvram                nvram        000E00
__Lnvrram               nvrram       00000E
__Lparam                param        000029
__Lpowerup              powerup      000000
__Lramtop               ramtop       000F00
__Lrbit                 rbit         000070
__Lrbss                 rbss         00000D
__Lrdata                rdata        00000E
__Lstruct               struct       00000E
__Ltemp                 temp         000000
__Ltext                 text         000004
__S0                    (abs)        00A45E
__S1                    (abs)        000F00
__ramtop                ramtop       000F00
_ad_buffer_init         text         006CD2
_ad_sequence_sample     text         006D7C
_adc_init               text         006CE8
_adm                    bss          000016
_ascii_8_16             const        00140D
_bcd_to_asc             text         009DB8
_bcd_to_hex             text         009CE8
_bufb                   bigbss       000E94
_cal_channle_val        text         0071FA
_capture_init           text         006D12
_ccc                    bss          000102
_chread                 text         00952A
_clear_one_ad_val       text         006D2C
_coo                    bss          000010
_delay_ms               text         009ACC
_delay_us               text         009AB0
_dis_double_word        text         009106
_dis_signle_char        text         009210
_display_menu           text         0025F6
_ds1302_check           text         009CA2
_ds1302_get_time        text         009C66
_ds1302_init            text         009CCE
_ds1302_pin_init        text         009AFC
_ds1302_read_byte       text         009B2E
_ds1302_read_data       text         009BB2
_ds1302_set_time        text         009BF4
_ds1302_write_byte      text         009B04
_ds1302_write_data      text         009B66
_eaddr                  bss          000012
_edata                  bigbss       000E92
_elcr                   bss          000169
_eread                  bss          000014
_exit                   init         000018
_fill_bit_picture       text         008FF4
_fun0                   text         002640
_fun1                   text         0027C0
_fun10                  text         00323E
_fun11                  text         003324
_fun12                  text         0033CE
_fun13                  text         003610
_fun14                  text         00361A
_fun15                  text         00378A
_fun16                  text         0037DC
_fun17                  text         00382A
_fun18                  text         0038F6
_fun19                  text         0038FA
_fun2                   text         002916
_fun20                  text         003B14
_fun21                  text         003B34
_fun22                  text         003B5C
_fun23                  text         003BBC
_fun24                  text         003BD0
_fun25                  text         003ECA
_fun26                  text         003EF0
_fun27                  text         003F1A
_fun28                  text         003F22
_fun29                  text         003F24
_fun3                   text         002AD4
_fun30                  text         004064
_fun31                  text         0040B6
_fun32                  text         004106
_fun33                  text         0041C8
_fun34                  text         0041CA
_fun35                  text         00430A
_fun36                  text         00435C
_fun37                  text         0043AA
_fun38                  text         00444E
_fun39                  text         004474
_fun4                   text         002C02
_fun40                  text         0044B0
_fun41                  text         0044E0
_fun42                  text         00451A
_fun43                  text         00452E
_fun44                  text         004544
_fun45                  text         004552
_fun46                  text         004566
_fun47                  text         004640
_fun48                  text         004658
_fun49                  text         004672
_fun5                   text         002E20
_fun50                  text         00469C
_fun51                  text         0046B2
_fun52                  text         00474A
_fun53                  text         004750
_fun54                  text         00475C
_fun55                  text         00477E
_fun56                  text         00478C
_fun57                  text         004CF6
_fun58                  text         004D18
_fun59                  text         004D30
_fun6                   text         002E42
_fun60                  text         0055AC
_fun61                  text         0055E8
_fun62                  text         005B42
_fun63                  text         005B64
_fun64                  text         005B7C
_fun65                  text         0063F8
_fun66                  text         006434
_fun67                  text         006590
_fun68                  text         0065A6
_fun69                  text         0065AE
_fun7                   text         002E5A
_fun70                  text         006608
_fun71                  text         00661C
_fun8                   text         002EB6
_fun9                   text         002EC2
_fun_i                  data         00004C
_fxdz                   const        0021F5
_ia_err                 bigbss       000E84
_ib_err                 bigbss       000E85
_ic_err                 bigbss       000E86
_ii                     bigbss       000E7E
_init_lcd               text         0090EE
_isr                    text         00075C
_jj                     bigbss       000E7F
_judge_flag             bigbss       000E80
_key                    bss          0001A3
_key_pin_init           text         00A084
_key_scan               text         00A09A
_key_scan_flag          bigbss       000E81
_lcd_clear              text         0090C8
_lcd_col_config         text         008F90
_lcd_fresh              text         00661E
_lcd_page_config        text         008FC0
_lcd_pin_init           text         008F62
_lcd_refresh_flag       bigbss       000E82
_lcd_row_config         text         008FA8
_led_pin_init           text         009ED0
_main                   text         000658
_memset                 text         00A334
_menu_map               const        000F3C
_parament_init          text         000118
_pd_val                 text         006F72
_putch                  text         000004
_read_a_err             text         000B9A
_read_data_from_eeprom  text         000A14
_record_a_err           text         000A2A
_root                   text         006EC0
_rtc                    bss          000197
_rtc_buf                bss          000106
_rtc_test               text         009DE0
_send_a_char            text         008956
_send_array             text         00895E
_set_mode               text         00A138
_set_mode_pin_init      text         00A130
_set_rtc_time           text         009C3C
_set_uart_brg           text         0088FA
_sprintf                text         00954C
_start_5ms              text         00A374
_strlen                 text         00A2A8
_sys                    bss          000112
_syswaring              text         009EEE
_testeeprom             text         000C84
_testf                  bigdata      000E7D
_time                   bigbss       000E8A
_timer1_init            text         00A364
_timer2_init            text         00A380
_ua_err                 bigbss       000E87
_uart                   bss          00016B
_uart_brg_word          const        001407
_uart_init              text         0088DE
_uart_receive_deal      text         00898A
_ub_err                 bigbss       000E88
_uc_err                 bigbss       000E89
_vvv                    bss          000104
_write_cmd_to_lcd       text         008FE6
_write_data_to_eeprom   text         0009E4
_write_data_to_lcd      text         008FD8
_xprint                 text         0092C8
_xprintf                text         0094AA
_xz                     bigbss       000EF8
_ziku                   const        0019FD
aldiv                   text         00A2F6
aldiv_x                 text         00A2FA
almod                   text         00A2F6
almul                   text         00A15E
almul_f                 text         00A422
almul_x                 text         00A162
alslr                   text         00A3FA
awdiv                   text         00A394
awmod                   text         00A394
awmul                   text         00A3DE
clear_big               init         000018
clear_bss               init         000024
clear_ram               text         000EF2
config_word1            config       300000
config_word2            config       300002
config_word3            config       300004
config_word4            config       300006
config_word5            config       300008
config_word6            config       30000A
config_word7            config       30000C
copy_bank               init         000048
copy_big                init         000030
copy_data               clrtext      00A414
dobdiv                  text         00A24E
doldiv                  text         000E40
dowdiv                  text         00A1E6
indir_func              text         00A44A
int_func                text         00075C
intlevel0               fstlkup      000006
intlevel1               fstlkup      000006
l0neg                   text         00A436
lbdiv                   text         00A24A
lbdiv_t                 text         00A24C
lbmod                   text         00A24A
lbmod_t                 text         00A24C
lldiv                   text         000E3A
lldiv_x                 text         000E3E
llmod                   text         000E3A
llmul                   text         00A15E
llmul_f                 text         00A422
llmul_x                 text         00A162
lwdiv                   text         00A1E4
lwmod                   text         00A1E4
lwmul                   text         00A3DE
powerup                 powerup      000000
restore                 text         0009C4
save                    text         000740
saved_bsrh              rbss         00000D
start                   init         000018
storeback               text         00A3C6
storeback_cl            text         00A3BE
used_btemp0             (abs)        000001
used_btemp1             (abs)        000001
used_btemp10            (abs)        000001
used_btemp11            (abs)        000001
used_btemp12            (abs)        000001
used_btemp2             (abs)        000001
used_btemp3             (abs)        000001
used_btemp4             (abs)        000001
used_btemp5             (abs)        000001
used_btemp6             (abs)        000001
used_btemp7             (abs)        000001
used_btemp8             (abs)        000001
used_btemp9             (abs)        000001
