

HI-TECH Software PICC-18 Macro Assembler V8.35PL3
Serial number: HCPIC18-88888                           Thu Jan  2 10:12:18 2014

Licensed to: ONE TWO
     1                           	processor	18F6622
     2                           	opt	pw 80
     3                           	psect	__Z88888RS_,global,delta=1
     4                           	psect	text,global,reloc=2,class=CODE,delta=1
     5                           	psect	intsave_regs,global,class=BIGRAM,space=1,
      +                          delta=1
     6  000000                     
     7  000000                     
     8  000000                     
     9  000000                     
    10  000000                     
    11  000000                     
    12  000000                     
    13  000000                     
    14  000000                     
    15  000000                     
    16  000000                     
    17  000000                     
    18  000000                     
    19  000000                     
    20  000000                     
    21  000000                     
    22  000000                     
    23  000000                     
    24  000000                     
    25  000000                     
    26  000000                     
    27  000000                     
    28  000000                     
    29  000000                     
    30  000000                     
    31  000000                     
    32  000000                     
    33  000000                     
    34  000000                     
    35  000000                     
    36  000000                     
    37  000000                     
    38  000000                     
    39  000000                     
    40  000000                     
    41  000000                     
    42  000000                     
    43  000000                     
    44  000000                     
    45  000000                     
    46  000000                     
    47  000000                     
    48  000000                     
    49  000000                     
    50  000000                     
    51  000000                     
    52  000000                     
    53  000000                     
    54  000000                     
    55  000000                     
    56  000000                     
    57  000000                     
    58  000000                     
    59  000000                     
    60  000000                     
    61  000000                     
    62  000000                     
    63  000000                     
    64  000000                     
    65  000000                     
    66  000000                     
    67  000000                     
    68  000000                     
    69  000000                     
    70  000000                     
    71  000000                     
    72  000000                     
    73  000000                     
    74  000000                     
    75  000000                     
    76  000000                     
    77  000000                     
    78  000000                     
    79  000000                     
    80  000000                     
    81  000000                     
    82  000000                     
    83  000000                     
    84  000000                     
    85  000000                     
    86  000000                     
    87  000000                     
    88  000000                     
    89  000000                     
    90  000000                     
    91  000000                     
    92  000000                     
    93  000000                     
    94  000000                     
    95                           
    96                           	psect	__Z88888RS_
    97  000004                     
    98  000004                     
    99                           
   100                           	psect	text
   101  00A364                     _timer1_init:
   102  000000                     
   103                           ;time.c: 6: T1OSCEN = 0;
   104  00A364  96CD               	bcf	4045,3,c
   105                           ;time.c: 8: TMR1CS = 0;
   106  00A366  92CD               	bcf	4045,1,c
   107                           ;time.c: 9: T1CKPS0 = 1;
   108  00A368  88CD               	bsf	4045,4,c
   109                           ;time.c: 10: T1CKPS1 = 1;
   110  00A36A  8ACD               	bsf	4045,5,c
   111                           ;time.c: 12: TMR1IE = 1;
   112  00A36C  809D               	bsf	3997,0,c
   113                           ;time.c: 13: TMR1IP = 1;
   114  00A36E  809F               	bsf	3999,0,c
   115                           ;time.c: 14: TMR1ON = 0;
   116  00A370  90CD               	bcf	4045,0,c
   117                           ;time.c: 15: }
   118  00A372  0012               	return	
   119  00A374                     _start_5ms:
   120  000000                     
   121                           ;time.c: 26: TMR1H = 0xf6;
   122  00A374  0EF6               	movlw	246
   123  00A376  6ECF               	movwf	4047,c	;volatile
   124                           ;time.c: 27: TMR1L = 0x3b;
   125  00A378  0E3B               	movlw	59
   126  00A37A  6ECE               	movwf	4046,c	;volatile
   127                           ;time.c: 28: TMR1ON = 1;
   128  00A37C  80CD               	bsf	4045,0,c
   129                           ;time.c: 29: }
   130  00A37E  0012               	return	
   131  00A380                     _timer2_init:
   132  000000                     
   133                           ;time.c: 38: T2CKPS0 = 1;
   134  00A380  80CA               	bsf	4042,0,c
   135                           ;time.c: 39: T2CKPS1 = 1;
   136  00A382  82CA               	bsf	4042,1,c
   137                           ;time.c: 41: T2OUTPS0 = 1;
   138  00A384  86CA               	bsf	4042,3,c
   139                           ;time.c: 42: T2OUTPS1 = 1;
   140  00A386  88CA               	bsf	4042,4,c
   141                           ;time.c: 43: T2OUTPS2 = 1;
   142  00A388  8ACA               	bsf	4042,5,c
   143                           ;time.c: 44: T2OUTPS3 = 1;
   144  00A38A  8CCA               	bsf	4042,6,c
   145                           ;time.c: 46: TMR2IE = 1;
   146  00A38C  829D               	bsf	3997,1,c
   147                           ;time.c: 47: TMR2IP = 1;
   148  00A38E  829F               	bsf	3999,1,c
   149                           ;time.c: 49: TMR2ON = 1;
   150  00A390  84CA               	bsf	4042,2,c
   151                           ;time.c: 51: }
   152  00A392  0012               	return	


HI-TECH Software PICC-18 Macro Assembler V8.35PL3
Symbol Table                                           Thu Jan  2 10:12:18 2014

  _timer1_init A364    _timer2_init A380        __Lparam 0029  
      __ramtop 0F00      _start_5ms A374  
